// Jest Snapshot v1, https://goo.gl/fbAQLP

exports[`DataSearch should render with search results 1`] = `
<div
  className="qa-search-results-content"
>
  <div
    className="qa-search-result"
  >
    <div />
  </div>
</div>
`;

exports[`DataSearch should render without search results 1`] = `
<Fragment>
  <Paragraph>
    Geen resultaten van deze soort
  </Paragraph>
  <Paragraph>
    Tip: maak de zoekcriteria minder specifiek
  </Paragraph>
</Fragment>
`;
