// Jest Snapshot v1, https://goo.gl/fbAQLP

exports[`DataSelectionTable should render without failing 1`] = `
<table
  className="c-ds-table"
>
  <thead
    className="c-ds-table__head"
  >
    <tr
      className="c-ds-table__row c-ds-table__row--link"
    >
      <th
        className="c-ds-table__cell"
        key="0"
      >
        foo
      </th>
      <th
        className="c-ds-table__cell"
        key="1"
      >
        bar
      </th>
    </tr>
  </thead>
  <tbody
    className="c-ds-table__body"
  >
    <tr
      className="c-ds-table__row c-ds-table__row--link qa-table-link"
      key="0"
    >
      <Styled(mockConstructor) />
    </tr>
  </tbody>
</table>
`;
