// Jest Snapshot v1, https://goo.gl/fbAQLP

exports[`MoreResultsWhenLoggedIn should render everything 1`] = `
<Alert
  dismissible={true}
  level="attention"
>
  <Heading
    as="h1"
    forwardedAs="h3"
  >
    Meer resultaten na inloggen
  </Heading>
  <Paragraph>
    Medewerkers/ketenpartners van Gemeente Amsterdam kunnen inloggen om meer te vinden. 
  </Paragraph>
  <LoginLink />
</Alert>
`;
