// Jest Snapshot v1, https://goo.gl/fbAQLP

exports[`MapLegend should render the component 1`] = `
<Fragment>
  <styled.div
    onClick={[Function]}
    open={false}
  >
    <styled.div>
      <Styled(Styled(Label))>
        <Styled(Component)
          checked={true}
          className="checkbox"
          indeterminate={true}
          onChange={[Function]}
        />
      </Styled(Styled(Label))>
    </styled.div>
    <Icon
      size={15}
    >
      <SvgChevronDown />
    </Icon>
  </styled.div>
</Fragment>
`;
