// Jest Snapshot v1, https://goo.gl/fbAQLP

exports[`MapLegend should render the component 1`] = `
<Fragment>
  <styled.button
    onClick={[Function]}
    open={false}
    type="button"
  >
    <styled.div>
      <Styled(Component)
        checked={true}
        className="checkbox"
        indeterminate={true}
        onChange={[Function]}
      />
      <Styled(Heading)
        forwardedAs="h4"
        gutterButtom={0}
      />
    </styled.div>
    <Icon
      size={15}
    >
      <SvgChevronDown />
    </Icon>
  </styled.button>
</Fragment>
`;
